npm : npm warn config optional Use `--omit=optional` to exclude optional 
dependencies, or
At line:1 char:1
+ npm run build 2>&1 > build_output.txt; cat build_output.txt | tail -1 ...
+ ~~~~~~~~~~~~~~~~~~~~~~~~~~~~~~~~~~~~~
    + CategoryInfo          : NotSpecified: (npm warn config...ependencies, or 
   :String) [], RemoteException
    + FullyQualifiedErrorId : NativeCommandError
 
npm warn config `--include=optional` to include them.
npm warn config
npm warn config       Default value does install optional deps unless 
otherwise omitted.

> ecclesia-church-app@1.0.0 build
> cross-env NODE_OPTIONS=--max_old_space_size=4096 prisma generate && cross-env NODE_OPTIONS=--max_old_space_size=4096 next build

'cross-env' is not recognized as an internal or external command,
operable program or batch file.
